10.5s 1 0.00s - Debugger warning: It seems that frozen modules are being used, which may
10.5s 2 0.00s - make the debugger miss breakpoints. Please pass -Xfrozen_modules=off
10.5s 3 0.00s - to python to disable frozen modules.
10.5s 4 0.00s - Note: Debugging will proceed. Set PYDEVD_DISABLE_FILE_VALIDATION=1 to disable this validation.
11.3s 5 0.00s - Debugger warning: It seems that frozen modules are being used, which may
11.3s 6 0.00s - make the debugger miss breakpoints. Please pass -Xfrozen_modules=off
11.3s 7 0.00s - to python to disable frozen modules.
11.3s 8 0.00s - Note: Debugging will proceed. Set PYDEVD_DISABLE_FILE_VALIDATION=1 to disable this validation.
27.8s 9 ------- Basic Information about data ------
27.8s 10 Shape: (198000, 15)
27.8s 11 Columns: ['created_date', 'post_id', 'emoticon_1', 'emoticon_2', 'emoticon_3', 'upvote', 'downvote', 'if_1', 'if_2', 'race', 'religion', 'gender', 'disability', 'comment', 'label']
27.8s 12 Column types: created_date    object
27.8s 13 post_id          int64
27.8s 14 emoticon_1       int64
27.8s 15 emoticon_2       int64
27.8s 16 emoticon_3       int64
27.8s 17 upvote           int64
27.8s 18 downvote         int64
27.8s 19 if_1             int64
27.8s 20 if_2             int64
27.8s 21 race            object
27.8s 22 religion        object
27.8s 23 gender          object
27.8s 24 disability        bool
27.8s 25 comment         object
27.8s 26 label            int64
27.8s 27 dtype: object
27.8s 28 created_date  post_id  emoticon_1  emoticon_2  \
27.8s 29 0  2024-01-18 08:43:57.397508+00:00       73           0           0
27.8s 30 1  2024-03-24 21:43:11.490017+00:00       39           0           0
27.8s 31 2  2024-04-24 20:32:17.014931+00:00       31           0           1
27.8s 32 3  2023-05-28 22:00:14.214527+00:00       39           0           0
27.8s 33 4  2023-09-09 23:12:05.689498+00:00       39           0           0
27.8s 34 
27.8s 35 emoticon_3  upvote  downvote  if_1  if_2 race religion gender  disability  \
27.8s 36 0           0       0         1     0    10  NaN      NaN    NaN       False
27.8s 37 1           0       6         0     0     4  NaN      NaN    NaN       False
27.8s 38 2           1       0         0     0    10  NaN      NaN    NaN       False
27.8s 39 3           0       5         0     0    10  NaN      NaN    NaN       False
27.8s 40 4           0       0         0     0    10  NaN      NaN    NaN       False
27.8s 41 
27.8s 42 comment  label
27.8s 43 0  She might be a bright spot for a party keou on...      2
27.8s 44 1  Under Alaska law, a non-tribal member is not b...      0
27.8s 45 2  in the future please spare me your strawman dr...      2
27.8s 46 3  PS: That should have been "rot" instead of "co...      2
27.8s 47 4  Today, the confederate flag...tomorrow, the na...      2
27.8s 48 ------- Basic information about test data -----
27.8s 49 Shape: (102000, 14)
27.8s 50 Columns: ['created_date', 'post_id', 'emoticon_1', 'emoticon_2', 'emoticon_3', 'upvote', 'downvote', 'if_1', 'if_2', 'race', 'religion', 'gender', 'disability', 'comment']
27.8s 51 Column types: created_date    object
27.8s 52 post_id          int64
27.8s 53 emoticon_1       int64
27.8s 54 emoticon_2       int64
27.8s 55 emoticon_3       int64
27.8s 56 upvote           int64
27.8s 57 downvote         int64
27.8s 58 if_1             int64
27.8s 59 if_2             int64
27.8s 60 race            object
27.8s 61 religion        object
27.8s 62 gender          object
27.8s 63 disability        bool
27.8s 64 comment         object
27.8s 65 dtype: object
27.8s 66 created_date  post_id  emoticon_1  emoticon_2  \
27.8s 67 0  2024-02-08 13:13:27.998156+00:00       72           2           0
27.8s 68 1  2024-03-01 23:33:25.547123+00:00      123           0           0
27.8s 69 2  2024-02-09 21:52:48.426303+00:00      120           0           0
27.8s 70 3  2024-02-17 03:43:02.980294+00:00      123           0           0
27.8s 71 4  2024-04-24 02:27:57.145155+00:00      123           0           0
27.8s 72 
27.8s 73 emoticon_3  upvote  downvote  if_1  if_2 race religion gender  disability  \
27.8s 74 0           0       4         1     0    10  NaN      NaN    NaN       False
27.8s 75 1           0       0         0     0    10  NaN      NaN    NaN       False
27.8s 76 2           0       3         0     0     4  NaN      NaN    NaN       False
27.8s 77 3           0       0         0     0     4  NaN      NaN    NaN       False
27.8s 78 4           0       0         0     0    11  NaN      NaN    NaN       False
27.8s 79 
27.8s 80 comment
27.8s 81 0  Canada is being run by someone with the mental...
27.8s 82 1               And your comment is left-wing drivel
27.8s 83 2  http://talkingpointsmemo..com/dc/special-couns...
27.8s 84 3  Trump jl Blames: The Secret Service, James Com...
27.8s 85 4  It was hard enough to get the stench out of th...
27.8s 86 ------- Basic information about the sample submission :D -----
27.8s 87 Shape: (102000, 2)
27.8s 88 Shape: ['ID', 'label']
27.8s 89 Column types: ID       int64
27.8s 90 label    int64
27.8s 91 dtype: object
27.8s 92 ID  label
27.8s 93 0   1      0
27.8s 94 1   2      0
27.8s 95 2   3      0
27.8s 96 3   4      0
27.8s 97 4   5      0
27.9s 98 post_id     emoticon_1     emoticon_2     emoticon_3  \
27.9s 99 count  198000.000000  198000.000000  198000.000000  198000.000000
27.9s 100 mean       68.447429       0.279768       0.048338       0.121071
27.9s 101 std        27.948390       1.023234       0.258477       0.481013
27.9s 102 min        20.000000       0.000000       0.000000       0.000000
27.9s 103 25%        39.000000       0.000000       0.000000       0.000000
27.9s 104 50%        72.000000       0.000000       0.000000       0.000000
27.9s 105 75%        72.000000       0.000000       0.000000       0.000000
27.9s 106 max       129.000000      47.000000      11.000000      17.000000
27.9s 107 
27.9s 108 upvote       downvote           if_1           if_2  \
27.9s 109 count  198000.000000  198000.000000  198000.000000  198000.000000
27.9s 110 mean        2.607975       0.666394       1.906152       7.956212
27.9s 111 std         5.054763       2.044335      25.635752      14.839464
27.9s 112 min         0.000000       0.000000       0.000000       3.000000
27.9s 113 25%         0.000000       0.000000       0.000000       4.000000
27.9s 114 50%         1.000000       0.000000       0.000000       6.000000
27.9s 115 75%         3.000000       1.000000       4.000000      10.000000
27.9s 116 max       201.000000     107.000000    1860.000000    1833.000000
27.9s 117 
27.9s 118 label
27.9s 119 count  198000.000000
27.9s 120 mean        0.793965
27.9s 121 std         0.979808
27.9s 122 min         0.000000
27.9s 123 25%         0.000000
27.9s 124 50%         0.000000
27.9s 125 75%         2.000000
27.9s 126 max         3.000000
28.0s 127 race: 52577 non-null (26.6%)
28.0s 128 religion: 52577 non-null (26.6%)
28.0s 129 gender: 52577 non-null (26.6%)
28.0s 130 Total non-null rows: 52577 (26.6%)
28.0s 131 
28.0s 132 Class distribution where race/religion/gender are non-null:
28.0s 133 label
28.0s 134 0    23657
28.0s 135 1    13208
28.0s 136 2    14594
28.0s 137 3     1118
28.0s 138 Name: count, dtype: int64
28.0s 139 
28.0s 140 As percentage:
28.0s 141 label
28.0s 142 0    45.0
28.0s 143 1    25.1
28.0s 144 2    27.8
28.0s 145 3     2.1
28.0s 146 Name: proportion, dtype: float64
28.0s 147 
28.0s 148 race — class distribution when non-null:
28.0s 149 label
28.0s 150 0    45.0
28.0s 151 2    27.8
28.0s 152 1    25.1
28.0s 153 3     2.1
28.0s 154 Name: proportion, dtype: float64
28.0s 155 
28.0s 156 religion — class distribution when non-null:
28.0s 157 label
28.0s 158 0    45.0
28.0s 159 2    27.8
28.0s 160 1    25.1
28.0s 161 3     2.1
28.0s 162 Name: proportion, dtype: float64
28.0s 163 
28.0s 164 gender — class distribution when non-null:
28.0s 165 label
28.0s 166 0    45.0
28.0s 167 2    27.8
28.0s 168 1    25.1
28.0s 169 3     2.1
28.0s 170 Name: proportion, dtype: float64
28.1s 171 if_1
28.1s 172 0       145423
28.1s 173 4        31061
28.1s 174 10       11849
28.1s 175 6         6774
28.1s 176 5         2691
28.1s 177 7           70
28.1s 178 9           45
28.1s 179 11          32
28.1s 180 12           2
28.1s 181 1814         2
28.1s 182 1545         2
28.1s 183 1783         2
28.1s 184 8            2
28.1s 185 1551         2
28.1s 186 249          1
28.1s 187 1569         1
28.1s 188 1800         1
28.1s 189 1560         1
28.1s 190 1263         1
28.1s 191 1267         1
28.1s 192 1258         1
28.1s 193 1543         1
28.1s 194 250          1
28.1s 195 1815         1
28.1s 196 1538         1
28.1s 197 1585         1
28.1s 198 1830         1
28.1s 199 1277         1
28.1s 200 1807         1
28.1s 201 1810         1
28.1s 202 1777         1
28.1s 203 1848         1
28.1s 204 1257         1
28.1s 205 1548         1
28.1s 206 1232         1
28.1s 207 1583         1
28.1s 208 1572         1
28.1s 209 1576         1
28.1s 210 1256         1
28.1s 211 1566         1
28.1s 212 1547         1
28.1s 213 1825         1
28.1s 214 1271         1
28.1s 215 1838         1
28.1s 216 1553         1
28.1s 217 1846         1
28.1s 218 1558         1
28.1s 219 1557         1
28.1s 220 1767         1
28.1s 221 1819         1
28.1s 222 1581         1
28.1s 223 1254         1
28.1s 224 1811         1
28.1s 225 1860         1
28.1s 226 1778         1
28.1s 227 1827         1
28.1s 228 1584         1
28.1s 229 Name: count, dtype: int64
28.1s 230 if_2
28.1s 231 4       91726
28.1s 232 10      80693
28.1s 233 6       14558
28.1s 234 5        6188
28.1s 235 70        453
28.1s 236 ...
28.1s 237 1694        1
28.1s 238 1527        1
28.1s 239 1071        1
28.1s 240 110         1
28.1s 241 1171        1
28.1s 242 Name: count, Length: 81, dtype: int64
28.1s 243 label      0      1      2    3
28.1s 244 if_1
28.1s 245 0       62.2    1.9   32.9  3.0
28.1s 246 4       49.4   21.3   27.1  2.2
28.1s 247 5       38.5   30.8   28.5  2.3
28.1s 248 6       38.3   31.8   27.9  2.0
28.1s 249 7       31.4   38.6   27.1  2.9
28.1s 250 8      100.0    0.0    0.0  0.0
28.1s 251 9       28.9   37.8   31.1  2.2
28.1s 252 10      39.0   29.7   29.3  1.9
28.1s 253 11      25.0   40.6   28.1  6.2
28.1s 254 12      50.0   50.0    0.0  0.0
28.1s 255 249      0.0  100.0    0.0  0.0
28.1s 256 250      0.0    0.0  100.0  0.0
28.1s 257 1232   100.0    0.0    0.0  0.0
28.1s 258 1254     0.0  100.0    0.0  0.0
28.1s 259 1256     0.0  100.0    0.0  0.0
28.1s 260 1257     0.0  100.0    0.0  0.0
28.1s 261 1258     0.0    0.0  100.0  0.0
28.1s 262 1263     0.0  100.0    0.0  0.0
28.1s 263 1267   100.0    0.0    0.0  0.0
28.1s 264 1271     0.0  100.0    0.0  0.0
28.1s 265 1277     0.0  100.0    0.0  0.0
28.1s 266 1538     0.0  100.0    0.0  0.0
28.1s 267 1543     0.0  100.0    0.0  0.0
28.1s 268 1545    50.0   50.0    0.0  0.0
28.1s 269 1547     0.0    0.0  100.0  0.0
28.1s 270 1548     0.0  100.0    0.0  0.0
28.1s 271 1551    50.0   50.0    0.0  0.0
28.1s 272 1553     0.0  100.0    0.0  0.0
28.1s 273 1557     0.0  100.0    0.0  0.0
28.1s 274 1558   100.0    0.0    0.0  0.0
28.1s 275 1560     0.0    0.0  100.0  0.0
28.1s 276 1566   100.0    0.0    0.0  0.0
28.1s 277 1569     0.0  100.0    0.0  0.0
28.1s 278 1572     0.0    0.0  100.0  0.0
28.1s 279 1576     0.0  100.0    0.0  0.0
28.1s 280 1581   100.0    0.0    0.0  0.0
28.1s 281 1583     0.0  100.0    0.0  0.0
28.1s 282 1584     0.0  100.0    0.0  0.0
28.1s 283 1585     0.0  100.0    0.0  0.0
28.1s 284 1767     0.0  100.0    0.0  0.0
28.1s 285 1777   100.0    0.0    0.0  0.0
28.1s 286 1778     0.0  100.0    0.0  0.0
28.1s 287 1783     0.0   50.0   50.0  0.0
28.1s 288 1800     0.0  100.0    0.0  0.0
28.1s 289 1807   100.0    0.0    0.0  0.0
28.1s 290 1810   100.0    0.0    0.0  0.0
28.1s 291 1811     0.0  100.0    0.0  0.0
28.1s 292 1814     0.0   50.0   50.0  0.0
28.1s 293 1815     0.0  100.0    0.0  0.0
28.1s 294 1819     0.0  100.0    0.0  0.0
28.1s 295 1825     0.0  100.0    0.0  0.0
28.1s 296 1827     0.0  100.0    0.0  0.0
28.1s 297 1830   100.0    0.0    0.0  0.0
28.1s 298 1838     0.0  100.0    0.0  0.0
28.1s 299 1846     0.0  100.0    0.0  0.0
28.1s 300 1848     0.0    0.0  100.0  0.0
28.1s 301 1860   100.0    0.0    0.0  0.0
28.1s 302 label      0    1     2    3
28.1s 303 if_2
28.1s 304 3      100.0  0.0   0.0  0.0
28.1s 305 4       97.9  0.1   1.9  0.1
28.1s 306 5       85.5  0.7  13.2  0.5
28.1s 307 6       87.7  0.6  11.1  0.5
28.1s 308 7       91.3  0.3   8.5  0.0
28.1s 309 ...      ...  ...   ...  ...
28.1s 310 1633   100.0  0.0   0.0  0.0
28.1s 311 1660   100.0  0.0   0.0  0.0
28.1s 312 1676   100.0  0.0   0.0  0.0
28.1s 313 1694   100.0  0.0   0.0  0.0
28.1s 314 1833   100.0  0.0   0.0  0.0
28.1s 315 
28.1s 316 [81 rows x 4 columns]
28.1s 317 Shared post_ids: 45
28.1s 318 Train only: 7
28.1s 319 Test only: 0
28.1s 320 emoticon_1
28.1s 321 0     169078
28.1s 322 1      17683
28.1s 323 2       5799
28.1s 324 3       2362
28.1s 325 4       1243
28.1s 326 5        638
28.1s 327 6        374
28.1s 328 7        225
28.1s 329 8        162
28.1s 330 9        102
28.1s 331 10        69
28.1s 332 11        68
28.1s 333 12        40
28.1s 334 13        27
28.1s 335 15        20
28.1s 336 16        20
28.1s 337 14        19
28.1s 338 19        13
28.1s 339 17         9
28.1s 340 23         7
28.1s 341 22         6
28.1s 342 20         5
28.1s 343 18         5
28.1s 344 36         4
28.1s 345 25         4
28.1s 346 27         3
28.1s 347 24         2
28.1s 348 21         2
28.1s 349 31         2
28.1s 350 30         2
28.1s 351 32         2
28.1s 352 28         1
28.1s 353 46         1
28.1s 354 33         1
28.1s 355 47         1
28.1s 356 39         1
28.1s 357 Name: count, dtype: int64
28.1s 358 emoticon_2
28.1s 359 0     189891
28.1s 360 1       7031
28.1s 361 2        822
28.1s 362 3        177
28.1s 363 4         48
28.1s 364 5         21
28.1s 365 6          7
28.1s 366 8          1
28.1s 367 11         1
28.1s 368 7          1
28.1s 369 Name: count, dtype: int64
28.1s 370 emoticon_3
28.1s 371 0     180835
28.1s 372 1      13017
28.1s 373 2       2777
28.1s 374 3        764
28.1s 375 4        309
28.1s 376 5        132
28.1s 377 6         79
28.1s 378 7         41
28.1s 379 8         14
28.1s 380 10        12
28.1s 381 9          9
28.1s 382 11         4
28.1s 383 14         2
28.1s 384 13         2
28.1s 385 12         2
28.1s 386 17         1
28.1s 387 Name: count, dtype: int64
28.1s 388 label           0      1      2     3
28.1s 389 emoticon_1
28.1s 390 0            57.9    8.1   31.3   2.8
28.1s 391 1            55.6    8.0   33.6   2.7
28.1s 392 2            56.3    7.6   33.6   2.4
28.1s 393 3            56.9    7.2   32.5   3.4
28.1s 394 4            59.4    7.8   30.4   2.4
28.1s 395 5            59.4    7.8   30.1   2.7
28.1s 396 6            59.6    8.0   28.9   3.5
28.1s 397 7            64.0    7.6   26.7   1.8
28.1s 398 8            63.6    6.2   25.9   4.3
28.1s 399 9            70.6    8.8   18.6   2.0
28.1s 400 10           69.6    5.8   21.7   2.9
28.1s 401 11           67.6    7.4   22.1   2.9
28.1s 402 12           67.5   10.0   22.5   0.0
28.1s 403 13           74.1    7.4   18.5   0.0
28.1s 404 14           63.2    0.0   26.3  10.5
28.1s 405 15           70.0    5.0   20.0   5.0
28.1s 406 16           60.0    0.0   40.0   0.0
28.1s 407 17           77.8    0.0   22.2   0.0
28.1s 408 18           60.0   40.0    0.0   0.0
28.1s 409 19           84.6    7.7    0.0   7.7
28.1s 410 20           60.0    0.0   40.0   0.0
28.1s 411 21          100.0    0.0    0.0   0.0
28.1s 412 22           50.0    0.0   50.0   0.0
28.1s 413 23           14.3   14.3   57.1  14.3
28.1s 414 24          100.0    0.0    0.0   0.0
28.1s 415 25           75.0    0.0   25.0   0.0
28.1s 416 27           66.7    0.0   33.3   0.0
28.1s 417 28          100.0    0.0    0.0   0.0
28.1s 418 30          100.0    0.0    0.0   0.0
28.1s 419 31          100.0    0.0    0.0   0.0
28.1s 420 32           50.0    0.0   50.0   0.0
28.1s 421 33            0.0    0.0  100.0   0.0
28.1s 422 36          100.0    0.0    0.0   0.0
28.1s 423 39            0.0  100.0    0.0   0.0
28.1s 424 46          100.0    0.0    0.0   0.0
28.1s 425 47          100.0    0.0    0.0   0.0
28.1s 426 label           0      1      2    3
28.1s 427 emoticon_2
28.1s 428 0            57.9    8.0   31.4  2.7
28.1s 429 1            52.5    9.3   34.3  3.8
28.1s 430 2            47.3   13.7   34.2  4.7
28.1s 431 3            49.7   11.3   34.5  4.5
28.1s 432 4            56.2   14.6   20.8  8.3
28.1s 433 5            47.6   19.0   33.3  0.0
28.1s 434 6            42.9   14.3   42.9  0.0
28.1s 435 7             0.0    0.0  100.0  0.0
28.1s 436 8             0.0  100.0    0.0  0.0
28.1s 437 11          100.0    0.0    0.0  0.0
28.1s 438 label           0     1      2    3
28.1s 439 emoticon_3
28.1s 440 0            58.2   7.9   31.2  2.7
28.1s 441 1            52.3   9.8   34.7  3.3
28.1s 442 2            52.3  10.2   35.1  2.5
28.1s 443 3            50.3   9.0   37.7  3.0
28.1s 444 4            48.9  13.6   33.7  3.9
28.1s 445 5            41.7  12.9   40.9  4.5
28.1s 446 6            50.6   8.9   39.2  1.3
28.1s 447 7            46.3   7.3   43.9  2.4
28.1s 448 8            42.9   7.1   42.9  7.1
28.1s 449 9            66.7  11.1   22.2  0.0
28.1s 450 10           75.0   0.0   25.0  0.0
28.1s 451 11           25.0   0.0   75.0  0.0
28.1s 452 12           50.0   0.0   50.0  0.0
28.1s 453 13          100.0   0.0    0.0  0.0
28.1s 454 14            0.0  50.0   50.0  0.0
28.1s 455 17            0.0   0.0  100.0  0.0
32.5s 456 datetime64[ns, UTC]
32.5s 457 datetime64[ns, UTC]
32.6s 458 Year dtype: int32
32.6s 459 Month dtype: int32
32.6s 460 Hour dtype: int32
32.6s 461 post_id : min = 20, max = 129
32.6s 462 emoticon_1 : min = 0, max = 47
32.6s 463 emoticon_2 : min = 0, max = 11
32.6s 464 emoticon_3 : min = 0, max = 17
32.6s 465 upvote : min = 0, max = 201
32.6s 466 downvote : min = 0, max = 107
32.6s 467 if_1 : min = 0, max = 1860
32.6s 468 if_2 : min = 3, max = 1833
32.6s 469 disability : min = 0, max = 1
32.6s 470 label : min = 0, max = 3
32.6s 471 emoticon_2_present : min = 0, max = 1
32.6s 472 emoticon_3_present : min = 0, max = 1
32.6s 473 year : min = 2022, max = 2024
32.6s 474 month : min = 1, max = 12
32.6s 475 day : min = 1, max = 31
32.6s 476 hour : min = 0, max = 23
32.7s 477 Min: 0
32.7s 478 Max: 2024
32.9s 479 Number of unique values per column
32.9s 480 post_id - 52
32.9s 481 emoticon_1 - 36
32.9s 482 emoticon_2 - 10
32.9s 483 emoticon_3 - 16
32.9s 484 upvote - 122
32.9s 485 downvote - 62
32.9s 486 if_1 - 57
32.9s 487 if_2 - 81
32.9s 488 race - 6
32.9s 489 religion - 8
32.9s 490 gender - 5
32.9s 491 disability - 2
32.9s 492 comment - 197842
32.9s 493 label - 4
32.9s 494 emoticon_2_present - 2
32.9s 495 emoticon_3_present - 2
32.9s 496 char_len - 1007
32.9s 497 word_len - 211
32.9s 498 year - 3
32.9s 499 month - 12
32.9s 500 day - 31
32.9s 501 hour - 24
32.9s 502 
32.9s 503 Number of null values per column
32.9s 504 post_id - 0
32.9s 505 emoticon_1 - 0
32.9s 506 emoticon_2 - 0
32.9s 507 emoticon_3 - 0
32.9s 508 upvote - 0
32.9s 509 downvote - 0
32.9s 510 if_1 - 0
32.9s 511 if_2 - 0
32.9s 512 race - 145423
32.9s 513 religion - 145423
32.9s 514 gender - 145423
32.9s 515 disability - 0
32.9s 516 comment - 1
32.9s 517 label - 0
32.9s 518 emoticon_2_present - 0
32.9s 519 emoticon_3_present - 0
32.9s 520 char_len - 1
32.9s 521 word_len - 1
32.9s 522 year - 0
32.9s 523 month - 0
32.9s 524 day - 0
32.9s 525 hour - 0
33.9s 526 Disability rate per class:
33.9s 527 disability      0     1
33.9s 528 label
33.9s 529 0           99.25  0.75
33.9s 530 1           97.34  2.66
33.9s 531 2           97.76  2.24
33.9s 532 3           98.90  1.10
34.0s 533 LABEL - 0
34.0s 534 
34.0s 535 
34.0s 536 LABEL - 1
34.0s 537 
34.0s 538 
34.0s 539 LABEL - 2
34.0s 540 
34.0s 541 
34.0s 542 LABEL - 3
34.0s 543 
34.0s 544 
36.6s 545 Percentage of each class in data:
36.6s 546 label
36.6s 547 0    57.663131
36.6s 548 1     8.039394
36.6s 549 2    31.535354
36.6s 550 3     2.762121
36.6s 551 Name: proportion, dtype: float64
36.8s 552 ---- post_id ---
36.8s 553 count       mean        std   min   25%   50%   75%    max
36.8s 554 label
36.8s 555 0      114173.0  67.764857  27.485908  24.0  39.0  72.0  72.0  129.0
36.8s 556 1       15918.0  70.657369  26.918877  24.0  40.0  72.0  72.0  123.0
36.8s 557 2       62440.0  69.149103  28.766447  20.0  39.0  72.0  73.0  129.0
36.8s 558 3        5469.0  68.253794  30.362452  24.0  39.0  72.0  73.0  123.0
36.8s 559 
36.8s 560 
36.8s 561 ---- emoticon_1 ---
36.8s 562 count      mean       std  min  25%  50%  75%   max
36.8s 563 label
36.8s 564 0      114173.0  0.283561  1.072695  0.0  0.0  0.0  0.0  47.0
36.8s 565 1       15918.0  0.264669  0.967069  0.0  0.0  0.0  0.0  39.0
36.8s 566 2       62440.0  0.276890  0.943357  0.0  0.0  0.0  0.0  33.0
36.8s 567 3        5469.0  0.277382  1.000568  0.0  0.0  0.0  0.0  23.0
36.8s 568 
36.8s 569 
36.8s 570 ---- emoticon_2 ---
36.8s 571 count      mean       std  min  25%  50%  75%   max
36.8s 572 label
36.8s 573 0      114173.0  0.043101  0.242949  0.0  0.0  0.0  0.0  11.0
36.8s 574 1       15918.0  0.063073  0.310714  0.0  0.0  0.0  0.0   8.0
36.8s 575 2       62440.0  0.052210  0.265755  0.0  0.0  0.0  0.0   7.0
36.8s 576 3        5469.0  0.070580  0.312140  0.0  0.0  0.0  0.0   4.0
36.8s 577 
36.8s 578 
36.8s 579 ---- emoticon_3 ---
36.8s 580 count      mean       std  min  25%  50%  75%   max
36.8s 581 label
36.8s 582 0      114173.0  0.108213  0.451440  0.0  0.0  0.0  0.0  13.0
36.8s 583 1       15918.0  0.150144  0.531661  0.0  0.0  0.0  0.0  14.0
36.8s 584 2       62440.0  0.136019  0.517070  0.0  0.0  0.0  0.0  17.0
36.8s 585 3        5469.0  0.134211  0.488247  0.0  0.0  0.0  0.0   8.0
36.8s 586 
36.8s 587 
36.8s 588 ---- upvote ---
36.8s 589 count      mean       std  min  25%  50%  75%    max
36.8s 590 label
36.8s 591 0      114173.0  2.404833  4.601209  0.0  0.0  1.0  3.0  201.0
36.8s 592 1       15918.0  2.850107  6.047758  0.0  0.0  1.0  3.0  166.0
36.8s 593 2       62440.0  2.967825  5.612198  0.0  0.0  1.0  4.0  163.0
36.8s 594 3        5469.0  2.035656  3.765532  0.0  0.0  1.0  2.0   44.0
36.8s 595 
36.8s 596 
36.8s 597 ---- downvote ---
36.8s 598 count      mean       std  min  25%  50%  75%    max
36.8s 599 label
36.8s 600 0      114173.0  0.575294  1.863328  0.0  0.0  0.0  0.0  101.0
36.8s 601 1       15918.0  0.802048  2.171240  0.0  0.0  0.0  1.0   68.0
36.8s 602 2       62440.0  0.811723  2.336218  0.0  0.0  0.0  1.0  107.0
36.8s 603 3        5469.0  0.514171  1.517042  0.0  0.0  0.0  0.0   26.0
36.8s 604 
36.8s 605 
36.8s 606 ---- if_1 ---
36.8s 607 count      mean        std  min  25%  50%  75%     max
36.8s 608 label
36.8s 609 0      114173.0  1.297636  16.856547  0.0  0.0  0.0  0.0  1860.0
36.8s 610 1       15918.0  8.011748  69.889369  0.0  4.0  4.0  6.0  1846.0
36.8s 611 2       62440.0  1.530365  17.560314  0.0  0.0  0.0  0.0  1848.0
36.8s 612 3        5469.0  1.129274   2.470884  0.0  0.0  0.0  0.0    11.0
36.8s 613 
36.8s 614 
36.8s 615 ---- if_2 ---
36.8s 616 count       mean        std  min   25%   50%   75%     max
36.8s 617 label
36.8s 618 0      114173.0   4.858741  16.065553  3.0   4.0   4.0   4.0  1833.0
36.8s 619 1       15918.0  11.870964  10.756849  4.0  10.0  10.0  10.0    84.0
36.8s 620 2       62440.0  12.213405  11.878014  4.0  10.0  10.0  10.0   110.0
36.8s 621 3        5469.0  12.621320  12.773366  4.0  10.0  10.0  10.0   123.0
36.8s 622 
36.8s 623 
36.8s 624 ---- race ---
36.8s 625 count unique      top   freq
36.8s 626 label
36.8s 627 0      114173      7  unknown  90516
36.8s 628 1       15918      7     none   6138
36.8s 629 2       62440      7  unknown  47846
36.8s 630 3        5469      7  unknown   4351
36.8s 631 
36.8s 632 
36.8s 633 ---- religion ---
36.9s 634 count unique      top   freq
36.9s 635 label
36.9s 636 0      114173      9  unknown  90516
36.9s 637 1       15918      9     none   6883
36.9s 638 2       62440      9  unknown  47846
36.9s 639 3        5469      9  unknown   4351
36.9s 640 
36.9s 641 
36.9s 642 ---- gender ---
37.1s 643 count unique      top   freq
37.1s 644 label
37.1s 645 0      114173      6  unknown  90516
37.1s 646 1       15918      6     none   8694
37.1s 647 2       62440      6  unknown  47846
37.1s 648 3        5469      6  unknown   4351
37.1s 649 
37.1s 650 
37.1s 651 ---- disability ---
37.1s 652 count      mean       std  min  25%  50%  75%  max
37.1s 653 label
37.1s 654 0      114173.0  0.007550  0.086562  0.0  0.0  0.0  0.0  1.0
37.1s 655 1       15918.0  0.026637  0.161024  0.0  0.0  0.0  0.0  1.0
37.1s 656 2       62440.0  0.022373  0.147896  0.0  0.0  0.0  0.0  1.0
37.1s 657 3        5469.0  0.010971  0.104176  0.0  0.0  0.0  0.0  1.0
37.1s 658 
37.1s 659 
37.1s 660 ---- comment ---
37.2s 661 count  unique  \
37.2s 662 label
37.2s 663 0      114173  114070
37.2s 664 1       15918   15913
37.2s 665 2       62440   62403
37.2s 666 3        5469    5462
37.2s 667 
37.2s 668 top  \
37.2s 669 label
37.2s 670 0                                                                                                                                                                                                                                                                                                   Exactly..
37.2s 671 1      Does "cultural appropriation " mean the black musicians can be prevented from playing Tchaikovsky or Bach? or an Asian girl who wants to be a ballerina can be told to go away? Or natives will accept that they simply have to give up pizza and Chinese food? No of course not: that would be racist
37.2s 672 2                                                                                                                                                                                                                                                                                                       Troll
37.2s 673 3                                                                                                                                                                                                                                                                                                 Lock him up
37.2s 674 
37.2s 675 freq
37.2s 676 label
37.2s 677 0        8
37.2s 678 1        2
37.2s 679 2        8
37.2s 680 3        3
37.2s 681 
37.2s 682 
37.2s 683 ---- label ---
37.2s 684 count  mean  std  min  25%  50%  75%  max
37.2s 685 label
37.2s 686 0      114173.0   0.0  0.0  0.0  0.0  0.0  0.0  0.0
37.2s 687 1       15918.0   1.0  0.0  1.0  1.0  1.0  1.0  1.0
37.2s 688 2       62440.0   2.0  0.0  2.0  2.0  2.0  2.0  2.0
37.2s 689 3        5469.0   3.0  0.0  3.0  3.0  3.0  3.0  3.0
37.2s 690 
37.2s 691 
37.2s 692 ---- emoticon_2_present ---
37.2s 693 count      mean       std  min  25%  50%  75%  max
37.2s 694 label
37.2s 695 0      114173.0  0.036874  0.188453  0.0  0.0  0.0  0.0  1.0
37.2s 696 1       15918.0  0.050383  0.218741  0.0  0.0  0.0  0.0  1.0
37.2s 697 2       62440.0  0.044491  0.206184  0.0  0.0  0.0  0.0  1.0
37.2s 698 3        5469.0  0.058329  0.234386  0.0  0.0  0.0  0.0  1.0
37.2s 699 
37.2s 700 
37.2s 701 ---- emoticon_3_present ---
37.2s 702 count      mean       std  min  25%  50%  75%  max
37.2s 703 label
37.2s 704 0      114173.0  0.078232  0.268538  0.0  0.0  0.0  0.0  1.0
37.2s 705 1       15918.0  0.106483  0.308465  0.0  0.0  0.0  0.0  1.0
37.2s 706 2       62440.0  0.096044  0.294654  0.0  0.0  0.0  0.0  1.0
37.2s 707 3        5469.0  0.098921  0.298583  0.0  0.0  0.0  0.0  1.0
37.2s 708 
37.2s 709 
37.2s 710 ---- char_len ---
37.2s 711 count        mean         std  min    25%    50%    75%     max
37.2s 712 label
37.2s 713 0      114173.0  295.897252  269.586190  0.0   93.0  199.0  411.0  1892.0
37.2s 714 1       15918.0  335.709700  267.543579  6.0  129.0  246.0  465.0  1006.0
37.2s 715 2       62440.0  316.893418  262.830082  3.0  117.0  232.0  437.0  1006.0
37.2s 716 3        5469.0  194.171695  194.253112  7.0   68.0  128.0  245.0  1005.0
37.2s 717 
37.2s 718 
37.2s 719 ---- word_len ---
37.2s 720 count       mean        std  min   25%   50%   75%    max
37.2s 721 label
37.2s 722 0      114173.0  51.187339  46.289364  0.0  16.0  35.0  71.0  315.0
37.2s 723 1       15918.0  57.233446  45.505920  1.0  22.0  42.0  80.0  219.0
37.2s 724 2       62440.0  54.901537  45.302864  1.0  20.0  40.0  76.0  206.0
37.2s 725 3        5469.0  34.978424  34.361022  1.0  13.0  24.0  44.0  199.0
37.2s 726 
37.2s 727 
37.2s 728 ---- year ---
37.2s 729 count         mean       std     min     25%     50%     75%     max
37.2s 730 label
37.2s 731 0      114173.0  2023.404772  0.570901  2022.0  2023.0  2023.0  2024.0  2024.0
37.2s 732 1       15918.0  2023.460673  0.544950  2022.0  2023.0  2023.0  2024.0  2024.0
37.2s 733 2       62440.0  2023.426810  0.556106  2022.0  2023.0  2023.0  2024.0  2024.0
37.2s 734 3        5469.0  2023.432255  0.584197  2022.0  2023.0  2023.0  2024.0  2024.0
37.2s 735 
37.2s 736 
37.2s 737 ---- month ---
37.2s 738 count      mean       std  min  25%  50%  75%   max
37.2s 739 label
37.2s 740 0      114173.0  5.996304  3.485125  1.0  3.0  5.0  9.0  12.0
37.2s 741 1       15918.0  5.875738  3.361025  1.0  3.0  5.0  9.0  12.0
37.2s 742 2       62440.0  5.919411  3.437667  1.0  3.0  5.0  9.0  12.0
37.2s 743 3        5469.0  5.769611  3.492748  1.0  3.0  5.0  9.0  12.0
37.2s 744 
37.2s 745 
37.2s 746 ---- day ---
37.2s 747 count       mean       std  min  25%   50%   75%   max
37.2s 748 label
37.2s 749 0      114173.0  15.549035  8.844183  1.0  8.0  15.0  23.0  31.0
37.2s 750 1       15918.0  16.181179  8.745634  1.0  9.0  17.0  24.0  31.0
37.2s 751 2       62440.0  15.656967  8.864877  1.0  8.0  16.0  23.0  31.0
37.2s 752 3        5469.0  15.258365  8.868687  1.0  7.0  15.0  23.0  31.0
37.2s 753 
37.2s 754 
37.2s 755 ---- hour ---
37.2s 756 count       mean       std  min  25%   50%   75%   max
37.2s 757 label
37.2s 758 0      114173.0  12.115780  8.087010  0.0  4.0  13.0  20.0  23.0
37.2s 759 1       15918.0  12.185199  8.134742  0.0  4.0  14.0  20.0  23.0
37.2s 760 2       62440.0  12.149888  8.062130  0.0  4.0  13.0  20.0  23.0
37.2s 761 3        5469.0  11.996892  8.060181  0.0  4.0  11.0  20.0  23.0
37.2s 762 
37.2s 763 
37.4s 764 === Basic info about train and val sets ===
37.4s 765 X_train shape: (158400, 21)
37.4s 766 X_val shape: (39600, 21)
37.4s 767 y_train shape: (158400,)
37.4s 768 y_val shape: (39600,)
37.4s 769 
37.4s 770 Class distributions in train and val sets
37.4s 771 [91338 12735 49952  4375]
37.4s 772 [22835  3183 12488  1094]
37.4s 773 
37.4s 774 Class percentages in train and val sets
37.4s 775 [0.57662879 0.08039773 0.31535354 0.02761995]
37.4s 776 [0.57664141 0.08037879 0.31535354 0.02762626]
51.6s 777 
51.6s 778 Class 0 distinctive n-grams:
51.6s 779 tax                  | score=0.02 | freq=0.0575
51.6s 780 state                | score=0.02 | freq=0.0620
51.6s 781 year                 | score=0.01 | freq=0.0436
51.6s 782 pay                  | score=0.01 | freq=0.0436
51.6s 783 income               | score=0.01 | freq=0.0212
51.6s 784 years                | score=0.01 | freq=0.0698
51.6s 785 oil                  | score=0.01 | freq=0.0294
51.6s 786 work                 | score=0.01 | freq=0.0450
51.6s 787 cost                 | score=0.01 | freq=0.0222
51.6s 788 new                  | score=0.01 | freq=0.0456
51.6s 789 money                | score=0.01 | freq=0.0583
51.6s 790 taxes                | score=0.01 | freq=0.0260
51.6s 791 000                  | score=0.01 | freq=0.0228
51.6s 792 alaska               | score=0.01 | freq=0.0280
51.6s 793 market               | score=0.01 | freq=0.0156
64.4s 794 
64.4s 795 Class 1 distinctive n-grams:
64.4s 796 white                | score=0.32 | freq=0.4119
64.4s 797 black                | score=0.21 | freq=0.2409
64.4s 798 muslims              | score=0.14 | freq=0.1506
64.4s 799 muslim               | score=0.13 | freq=0.1418
64.4s 800 people               | score=0.10 | freq=0.3007
64.4s 801 women                | score=0.08 | freq=0.1096
64.4s 802 islam                | score=0.07 | freq=0.0762
64.4s 803 gay                  | score=0.07 | freq=0.0749
64.4s 804 blacks               | score=0.06 | freq=0.0656
64.4s 805 racist               | score=0.06 | freq=0.0784
64.4s 806 men                  | score=0.06 | freq=0.0765
64.4s 807 christians           | score=0.05 | freq=0.0562
64.4s 808 hate                 | score=0.05 | freq=0.0693
64.4s 809 racism               | score=0.05 | freq=0.0587
64.4s 810 religion             | score=0.05 | freq=0.0580
77.0s 811 
77.0s 812 Class 2 distinctive n-grams:
77.0s 813 trump                | score=0.14 | freq=0.2928
77.0s 814 like                 | score=0.04 | freq=0.1873
77.0s 815 just                 | score=0.04 | freq=0.1815
77.0s 816 president            | score=0.03 | freq=0.0697
77.0s 817 ignorant             | score=0.03 | freq=0.0355
77.0s 818 ridiculous           | score=0.03 | freq=0.0308
77.0s 819 stupid               | score=0.03 | freq=0.0280
77.0s 820 corrupt              | score=0.02 | freq=0.0267
77.0s 821 liar                 | score=0.02 | freq=0.0232
77.0s 822 hillary              | score=0.02 | freq=0.0367
77.0s 823 ignorance            | score=0.02 | freq=0.0241
77.0s 824 obama                | score=0.02 | freq=0.0478
77.0s 825 pathetic             | score=0.02 | freq=0.0205
77.0s 826 silly                | score=0.02 | freq=0.0211
77.0s 827 nonsense             | score=0.02 | freq=0.0235
89.7s 828 
89.7s 829 Class 3 distinctive n-grams:
89.7s 830 kill                 | score=0.17 | freq=0.1963
89.7s 831 shoot                | score=0.08 | freq=0.0853
89.7s 832 death                | score=0.06 | freq=0.0736
89.7s 833 killing              | score=0.06 | freq=0.0688
89.7s 834 shot                 | score=0.05 | freq=0.0599
89.7s 835 gun                  | score=0.05 | freq=0.0629
89.7s 836 killed               | score=0.04 | freq=0.0530
89.7s 837 die                  | score=0.04 | freq=0.0455
89.7s 838 shooting             | score=0.03 | freq=0.0357
89.7s 839 dead                 | score=0.03 | freq=0.0382
89.7s 840 lock                 | score=0.03 | freq=0.0320
89.7s 841 head                 | score=0.03 | freq=0.0382
89.7s 842 guns                 | score=0.03 | freq=0.0345
89.7s 843 murder               | score=0.02 | freq=0.0286
89.7s 844 let                  | score=0.02 | freq=0.0585
534.7s 845 
534.7s 846 ==================================================
534.7s 847 Training LogisticRegression...
1192.9s 848 
1192.9s 849 === Results on train data ===
1192.9s 850 Accuracy      = 0.9458
1192.9s 851 F1 (macro)    = 0.9179
1192.9s 852 ROC-AUC       = 0.9938
1192.9s 853 precision    recall  f1-score   support
1192.9s 854 
1192.9s 855 0       0.99      0.95      0.97     91338
1192.9s 856 1       0.84      0.97      0.90     12735
1192.9s 857 2       0.92      0.93      0.93     49952
1192.9s 858 3       0.78      1.00      0.87      4375
1192.9s 859 
1192.9s 860 accuracy                           0.95    158400
1192.9s 861 macro avg       0.88      0.96      0.92    158400
1192.9s 862 weighted avg       0.95      0.95      0.95    158400
1192.9s 863 
1192.9s 864 
1192.9s 865 === Results on validation data ===
1192.9s 866 Accuracy      = 0.9122
1192.9s 867 F1 (macro)    = 0.8189
1192.9s 868 ROC-AUC       = 0.9781
1192.9s 869 precision    recall  f1-score   support
1192.9s 870 
1192.9s 871 0       0.98      0.95      0.96     22835
1192.9s 872 1       0.73      0.83      0.78      3183
1192.9s 873 2       0.89      0.89      0.89     12488
1192.9s 874 3       0.57      0.75      0.65      1094
1192.9s 875 
1192.9s 876 accuracy                           0.91     39600
1192.9s 877 macro avg       0.79      0.85      0.82     39600
1192.9s 878 weighted avg       0.92      0.91      0.91     39600
1192.9s 879 
1192.9s 880 Confusion Matrix:
1192.9s 881 [[21595   228   843   169]
1192.9s 882 [   39  2646   411    87]
1192.9s 883 [  392   673 11057   366]
1192.9s 884 [   27    61   182   824]]
1193.5s 885 
1193.5s 886 ==================================================
1193.5s 887 Training LinearSVC...
2067.7s 888 /usr/local/lib/python3.12/dist-packages/sklearn/svm/_base.py:1249: ConvergenceWarning: Liblinear failed to converge, increase the number of iterations.
2067.7s 889 warnings.warn(
2067.7s 890 
2067.7s 891 /usr/local/lib/python3.12/dist-packages/sklearn/svm/_base.py:1249: ConvergenceWarning: Liblinear failed to converge, increase the number of iterations.
2067.7s 892 warnings.warn(
2069.2s 893 [LinearSVC] No predict_proba — skipping threshold tuning and ROC curves
2069.2s 894 
2069.2s 895 === Results on train data ===
2069.2s 896 Accuracy      = 0.9275
2069.2s 897 F1 (macro)    = 0.8916
2069.2s 898 precision    recall  f1-score   support
2069.2s 899 
2069.2s 900 0       0.97      0.95      0.96     91338
2069.2s 901 1       0.81      0.89      0.84     12735
2069.2s 902 2       0.90      0.90      0.90     49952
2069.2s 903 3       0.82      0.91      0.86      4375
2069.2s 904 
2069.2s 905 accuracy                           0.93    158400
2069.2s 906 macro avg       0.87      0.91      0.89    158400
2069.2s 907 weighted avg       0.93      0.93      0.93    158400
2069.2s 908 
2069.2s 909 
2069.2s 910 === Results on validation data ===
2069.2s 911 Accuracy      = 0.9100
2069.2s 912 F1 (macro)    = 0.8167
2069.2s 913 precision    recall  f1-score   support
2069.2s 914 
2069.2s 915 0       0.97      0.95      0.96     22835
2069.2s 916 1       0.74      0.82      0.78      3183
2069.2s 917 2       0.87      0.89      0.88     12488
2069.2s 918 3       0.69      0.62      0.65      1094
2069.2s 919 
2069.2s 920 accuracy                           0.91     39600
2069.2s 921 macro avg       0.82      0.82      0.82     39600
2069.2s 922 weighted avg       0.91      0.91      0.91     39600
2069.2s 923 
2069.2s 924 Confusion Matrix:
2069.2s 925 [[21699   191   854    91]
2069.2s 926 [   47  2603   474    59]
2069.2s 927 [  625   645 11058   160]
2069.2s 928 [   33    61   323   677]]
2069.2s 929 
2069.2s 930 ==================================================
2069.2s 931 Training MLP...
2708.3s 932 Iteration 1, loss = 0.35759192
2708.3s 933 Validation score: 0.897266
2716.0s 934 Iteration 2, loss = 0.29906774
2716.0s 935 Validation score: 0.899746
2723.5s 936 Iteration 3, loss = 0.27690115
2723.5s 937 Validation score: 0.894166
2731.0s 938 Iteration 4, loss = 0.24148628
2731.0s 939 Validation score: 0.896584
2738.5s 940 Iteration 5, loss = 0.19228724
2738.6s 941 Validation score: 0.889578
2746.1s 942 Iteration 6, loss = 0.14019519
2746.1s 943 Validation score: 0.887904
2754.2s 944 Iteration 7, loss = 0.09570329
2754.2s 945 Validation score: 0.882758
2761.5s 946 Iteration 8, loss = 0.06343797
2761.5s 947 Validation score: 0.882324
2768.8s 948 Iteration 9, loss = 0.04575757
2768.8s 949 Validation score: 0.876992
2776.2s 950 Iteration 10, loss = 0.03496679
2776.2s 951 Validation score: 0.883564
2783.6s 952 Iteration 11, loss = 0.02752513
2783.6s 953 Validation score: 0.875380
2791.3s 954 Iteration 12, loss = 0.02414684
2791.3s 955 Validation score: 0.878728
2799.0s 956 Iteration 13, loss = 0.02174425
2799.0s 957 Validation score: 0.878604
2799.0s 958 Validation score did not improve more than tol=0.000100 for 10 consecutive epochs. Stopping.
2893.4s 959 
2893.4s 960 === Results on train data ===
2893.4s 961 Accuracy      = 0.9095
2893.4s 962 F1 (macro)    = 0.8172
2893.4s 963 ROC-AUC       = 0.9777
2893.4s 964 precision    recall  f1-score   support
2893.4s 965 
2893.4s 966 0       0.97      0.95      0.96     91338
2893.4s 967 1       0.80      0.80      0.80     12735
2893.4s 968 2       0.85      0.90      0.87     49952
2893.4s 969 3       0.66      0.62      0.64      4375
2893.4s 970 
2893.4s 971 accuracy                           0.91    158400
2893.4s 972 macro avg       0.82      0.82      0.82    158400
2893.4s 973 weighted avg       0.91      0.91      0.91    158400
2893.4s 974 
2893.4s 975 
2893.4s 976 === Results on validation data ===
2893.4s 977 Accuracy      = 0.9017
2893.4s 978 F1 (macro)    = 0.7889
2893.4s 979 ROC-AUC       = 0.9702
2893.6s 980 precision    recall  f1-score   support
2893.6s 981 
2893.6s 982 0       0.97      0.95      0.96     22835
2893.6s 983 1       0.75      0.76      0.76      3183
2893.6s 984 2       0.85      0.89      0.87     12488
2893.6s 985 3       0.59      0.56      0.58      1094
2893.6s 986 
2893.6s 987 accuracy                           0.90     39600
2893.6s 988 macro avg       0.79      0.79      0.79     39600
2893.6s 989 weighted avg       0.90      0.90      0.90     39600
2893.6s 990 
2893.6s 991 Confusion Matrix:
2893.6s 992 [[21589   177   962   107]
2893.6s 993 [   39  2407   679    58]
2893.6s 994 [  589   544 11097   258]
2893.6s 995 [   32    65   383   614]]
2894.0s 996 
2894.0s 997 ==================================================
2894.0s 998 Training XGBoost...
3546.9s 999 
3546.9s 1000 === Results on train data ===
3546.9s 1001 Accuracy      = 0.8925
3546.9s 1002 F1 (macro)    = 0.7290
3546.9s 1003 ROC-AUC       = 0.9659
3546.9s 1004 precision    recall  f1-score   support
3546.9s 1005 
3546.9s 1006 0       0.96      0.95      0.96     91338
3546.9s 1007 1       0.75      0.75      0.75     12735
3546.9s 1008 2       0.82      0.88      0.85     49952
3546.9s 1009 3       0.81      0.24      0.37      4375
3546.9s 1010 
3546.9s 1011 accuracy                           0.89    158400
3546.9s 1012 macro avg       0.83      0.70      0.73    158400
3546.9s 1013 weighted avg       0.89      0.89      0.89    158400
3546.9s 1014 
3546.9s 1015 
3546.9s 1016 === Results on validation data ===
3546.9s 1017 Accuracy      = 0.8873
3546.9s 1018 F1 (macro)    = 0.7056
3546.9s 1019 ROC-AUC       = 0.9539
3546.9s 1020 precision    recall  f1-score   support
3546.9s 1021 
3546.9s 1022 0       0.96      0.95      0.96     22835
3546.9s 1023 1       0.71      0.72      0.71      3183
3546.9s 1024 2       0.81      0.87      0.84     12488
3546.9s 1025 3       0.76      0.20      0.31      1094
3546.9s 1026 
3546.9s 1027 accuracy                           0.89     39600
3546.9s 1028 macro avg       0.81      0.69      0.71     39600
3546.9s 1029 weighted avg       0.89      0.89      0.88     39600
3546.9s 1030 
3546.9s 1031 Confusion Matrix:
3546.9s 1032 [[21733   143   940    19]
3546.9s 1033 [   52  2287   835     9]
3546.9s 1034 [  807   740 10901    40]
3546.9s 1035 [   40    67   771   216]]
3547.4s 1036 
3547.4s 1037 ============================================================
3547.4s 1038 FINAL MODEL COMPARISON
3547.4s 1039 ============================================================
3547.4s 1040 Train F1  Val F1 Overfit Gap
3547.4s 1041 LogisticRegression   0.9179  0.8189      0.0990
3547.4s 1042 LinearSVC            0.8916  0.8167      0.0750
3547.4s 1043 MLP                  0.8172  0.7889      0.0283
3547.4s 1044 XGBoost              0.7290  0.7056      0.0234
3547.6s 1045 
3547.6s 1046 Best model: LogisticRegression (Val F1: 0.8189)
3548.5s 1047 Submission saved using LogisticRegression
3549.2s 1048 <>:78: SyntaxWarning: invalid escape sequence '\S'
3549.2s 1049 <>:78: SyntaxWarning: invalid escape sequence '\S'
3549.2s 1050 /tmp/ipykernel_17/1091492720.py:78: SyntaxWarning: invalid escape sequence '\S'
3549.2s 1051 text = re.sub(r'http\S+|www\S+', '', text)
3549.2s 1052 
3549.2s 1053 <>:78: SyntaxWarning: invalid escape sequence '\S'
3549.2s 1054 <>:78: SyntaxWarning: invalid escape sequence '\S'
3549.2s 1055 /tmp/ipykernel_17/1091492720.py:78: SyntaxWarning: invalid escape sequence '\S'
3549.2s 1056 text = re.sub(r'http\S+|www\S+', '', text)
3549.4s 1057 <>:5: SyntaxWarning: invalid escape sequence '\s'
3549.4s 1058 <>:5: SyntaxWarning: invalid escape sequence '\s'
3549.4s 1059 /tmp/ipykernel_17/503976433.py:5: SyntaxWarning: invalid escape sequence '\s'
3549.4s 1060 r'\b(kill|shoot|murder|execute)\s+(you|him|her|them|all)\b',
3549.4s 1061 
3549.4s 1062 <>:5: SyntaxWarning: invalid escape sequence '\s'
3549.4s 1063 <>:5: SyntaxWarning: invalid escape sequence '\s'
3549.4s 1064 /tmp/ipykernel_17/503976433.py:5: SyntaxWarning: invalid escape sequence '\s'
3549.4s 1065 r'\b(kill|shoot|murder|execute)\s+(you|him|her|them|all)\b',
3554.4s 1066 /usr/local/lib/python3.12/dist-packages/mistune.py:435: SyntaxWarning: invalid escape sequence '\|'
3554.4s 1067 cells[i][c] = re.sub('\\\\\|', '|', cell)
3554.6s 1068 /usr/local/lib/python3.12/dist-packages/nbconvert/filters/filter_links.py:36: SyntaxWarning: invalid escape sequence '\_'
3554.6s 1069 text = re.sub(r'_', '\_', text) # Escape underscores in display text
3555.3s 1070 /usr/local/lib/python3.12/dist-packages/traitlets/traitlets.py:2915: FutureWarning: --Exporter.preprocessors=["remove_papermill_header.RemovePapermillHeader"] for containers is deprecated in traitlets 5.0. You can pass `--Exporter.preprocessors item` ... multiple times to add items to a list.
3555.3s 1071 warn(
3555.4s 1072 [NbConvertApp] Converting notebook __notebook__.ipynb to notebook
3555.7s 1073 [NbConvertApp] Writing 964444 bytes to __notebook__.ipynb
3558.4s 1074 /usr/local/lib/python3.12/dist-packages/traitlets/traitlets.py:2915: FutureWarning: --Exporter.preprocessors=["nbconvert.preprocessors.ExtractOutputPreprocessor"] for containers is deprecated in traitlets 5.0. You can pass `--Exporter.preprocessors item` ... multiple times to add items to a list.
3558.4s 1075 warn(
3558.5s 1076 [NbConvertApp] Converting notebook __notebook__.ipynb to html
3559.5s 1077 [NbConvertApp] Support files will be in __results___files/
3559.5s 1078 [NbConvertApp] Making directory __results___files
3559.5s 1079 [NbConvertApp] Making directory __results___files
3559.5s 1080 [NbConvertApp] Making directory __results___files
3559.5s 1081 [NbConvertApp] Making directory __results___files
3559.5s 1082 [NbConvertApp] Making directory __results___files
3559.5s 1083 [NbConvertApp] Making directory __results___files
3559.5s 1084 [NbConvertApp] Making directory __results___files
3559.5s 1085 [NbConvertApp] Making directory __results___files
3559.5s 1086 [NbConvertApp] Making directory __results___files
3559.5s 1087 [NbConvertApp] Making directory __results___files
3559.5s 1088 [NbConvertApp] Making directory __results___files
3559.5s 1089 [NbConvertApp] Making directory __results___files
3559.5s 1090 [NbConvertApp] Writing 588650 bytes to __results__.html